[31m✗[39m Build failed in 1.19s
[31merror during build:
[31mBuild failed with 1 error:

[31m[MISSING_EXPORT] [0m"FiQuote" is not exported by "node_modules/react-icons/fi/index.mjs".
   [38;5;246m╭[0m[38;5;246m─[0m[38;5;246m[[0m src/components/Testimonials.jsx:1:49 [38;5;246m][0m
   [38;5;246m│[0m
 [38;5;246m1 │[0m [38;5;249mi[0m[38;5;249mm[0m[38;5;249mp[0m[38;5;249mo[0m[38;5;249mr[0m[38;5;249mt[0m[38;5;249m [0m[38;5;249m{[0m[38;5;249m [0m[38;5;249mF[0m[38;5;249mi[0m[38;5;249mS[0m[38;5;249mt[0m[38;5;249ma[0m[38;5;249mr[0m[38;5;249m,[0m[38;5;249m [0m[38;5;249mF[0m[38;5;249mi[0m[38;5;249mC[0m[38;5;249mh[0m[38;5;249me[0m[38;5;249mv[0m[38;5;249mr[0m[38;5;249mo[0m[38;5;249mn[0m[38;5;249mL[0m[38;5;249me[0m[38;5;249mf[0m[38;5;249mt[0m[38;5;249m,[0m[38;5;249m [0m[38;5;249mF[0m[38;5;249mi[0m[38;5;249mC[0m[38;5;249mh[0m[38;5;249me[0m[38;5;249mv[0m[38;5;249mr[0m[38;5;249mo[0m[38;5;249mn[0m[38;5;249mR[0m[38;5;249mi[0m[38;5;249mg[0m[38;5;249mh[0m[38;5;249mt[0m[38;5;249m,[0m[38;5;249m [0mFiQuote[38;5;249m [0m[38;5;249m}[0m[38;5;249m [0m[38;5;249mf[0m[38;5;249mr[0m[38;5;249mo[0m[38;5;249mm[0m[38;5;249m [0m[38;5;249m"[0m[38;5;249mr[0m[38;5;249me[0m[38;5;249ma[0m[38;5;249mc[0m[38;5;249mt[0m[38;5;249m-[0m[38;5;249mi[0m[38;5;249mc[0m[38;5;249mo[0m[38;5;249mn[0m[38;5;249ms[0m[38;5;249m/[0m[38;5;249mf[0m[38;5;249mi[0m[38;5;249m"[0m[38;5;249m;[0m
 [38;5;240m  │[0m                                                 ───┬───  
 [38;5;240m  │[0m                                                    ╰───── Missing export
[38;5;246m───╯[0m
[31m
    at aggregateBindingErrorsIntoJsError (file:///C:/Users/ITC/Desktop/beck-clone/node_modules/rolldown/dist/shared/error-B68YLzl3.mjs:48:18)
    at unwrapBindingResult (file:///C:/Users/ITC/Desktop/beck-clone/node_modules/rolldown/dist/shared/error-B68YLzl3.mjs:18:128)
    at #build (file:///C:/Users/ITC/Desktop/beck-clone/node_modules/rolldown/dist/shared/rolldown-build-DR0wzp0V.mjs:3256:34)
    at async buildEnvironment (file:///C:/Users/ITC/Desktop/beck-clone/node_modules/vite/dist/node/chunks/node.js:32591:66)
    at async Object.build (file:///C:/Users/ITC/Desktop/beck-clone/node_modules/vite/dist/node/chunks/node.js:33013:19)
    at async Object.buildApp (file:///C:/Users/ITC/Desktop/beck-clone/node_modules/vite/dist/node/chunks/node.js:33010:153)
    at async CAC.<anonymous> (file:///C:/Users/ITC/Desktop/beck-clone/node_modules/vite/dist/node/cli.js:777:3) {
  errors: [Getter/Setter]
}[39m
