[36mvite v8.1.1 [32mbuilding client environment for production...[36m[39m
[2Ktransforming...✓ 82 modules transformed.
rendering chunks...
computing gzip size...
dist/index.html                           0.72 kB │ gzip:   0.41 kB
dist/assets/logo2-D4XbHPbI.webp           5.78 kB
dist/assets/surgical-CQmS0Pc1.jpg         7.07 kB
dist/assets/logo5-cGxrhp5x.webp          14.21 kB
dist/assets/banner-DDrSbqmy.jpg          18.75 kB
dist/assets/banner-N_3jQfmx.jpg          21.32 kB
dist/assets/dental-C0Uvva8s.jpg          24.62 kB
dist/assets/beauty-vmwf8xrI.jpg          25.22 kB
dist/assets/logo4-DmgTPW0r.webp          26.17 kB
dist/assets/veterinary-sDGaoBqw.jpg      26.44 kB
dist/assets/logo1-CdVy6hOK.webp          26.88 kB
dist/assets/banner-DTW-h72t.jpg          27.24 kB
dist/assets/allproducts-WMbd51T9.jpg     51.64 kB
dist/assets/laboratory-DK2wmwW-.jpg      89.44 kB
dist/assets/banner-CZOcY5CD.jpg         199.73 kB
dist/assets/about1-DuSCZw8I.png         273.36 kB
dist/assets/banner-BZNnrZqJ.jpg         314.60 kB
dist/assets/sp1-sVg699W5.jpg            347.05 kB
dist/assets/hero1-DJSRpfKq.png          687.42 kB
dist/assets/whychoose-CYmEa8dK.jpg    2,814.61 kB
dist/assets/hero2-D1JEzNp5.png        6,162.50 kB
dist/assets/index-Jn1cbQmZ.css           55.83 kB │ gzip:   9.39 kB
dist/assets/index-D90Jc87D.js           377.31 kB │ gzip: 102.96 kB

[32m✓ built in 1.49s[39m
